Compressor is NORMAL_COMPRESSOR
Throttling simultaneous network copies to 1
Sending SIGUSR1 will trigger a save-and-quit
Sending SIGUSR2 will trigger a save-and-continue
1 itertime 0.000 total 0.000
 current 0.333333333,0.416666667 (375.000000000 mSBet/h)
 average 0.333333333,0.416666667 (375.000000000 mSBet/h)

2 itertime 0.000 total 0.000
 current 0.111111111,0.166666667 (138.888888889 mSBet/h)

3 itertime 0.000 total 0.000
 current 0.154040404,0.166666667 (160.353535354 mSBet/h)

4 itertime 0.000 total 0.000
 current 0.090476190,0.186887255 (138.681722689 mSBet/h)

5 itertime 0.000 total 0.000
 current 0.003284072,0.161764706 (82.524389066 mSBet/h)

6 itertime 0.000 total 0.000
 current 0.033333333,0.153391053 (93.362193362 mSBet/h)
 average -0.014880952,0.077876984 (31.498015873 mSBet/h)

7 itertime 0.000 total 0.000
 current 0.047222222,0.088863751 (68.042986425 mSBet/h)

8 itertime 0.000 total 0.000
 current 0.036251920,0.104231166 (70.241543137 mSBet/h)

9 itertime 0.000 total 0.000
 current -0.011111111,0.149110149 (68.999519000 mSBet/h)

10 itertime 0.000 total 0.000
 current 0.069105691,0.127218615 (98.162152888 mSBet/h)
 average -0.039962121,0.074621212 (17.329545455 mSBet/h)

Dumping values to prefix [/home/user/quant-trade/certification/oracles/cfrplus_runs/kuhn_i10]
Dump complete, took 0.000

