shard 0 sample 1/20 pot 4210 board (5, 22, 34, 39) [7.9 min]
shard 0 sample 2/20 pot 299 board (5, 22, 34, 39) [26.2 min]
shard 0 sample 1/20 pot 4210 board (5, 22, 34, 39) [7.8 min]
shard 0 sample 2/20 pot 299 board (5, 22, 34, 39) [25.8 min]
shard 0 sample 3/20 pot 5957 board (5, 22, 34, 39) [33.5 min]
shard 0 sample 4/20 pot 803 board (5, 22, 34, 39) [45.2 min]
shard 0 sample 5/20 pot 100 board (5, 22, 34, 39) [71.4 min]
shard 0 sample 6/20 pot 393 board (5, 22, 34, 39) [89.5 min]
shard 0 sample 7/20 pot 299 board (5, 22, 34, 39) [107.6 min]
shard 0 sample 8/20 pot 1523 board (5, 22, 34, 39) [119.7 min]
shard 0 sample 9/20 pot 18409 board (5, 22, 34, 39) [125.9 min]
shard 0 sample 10/20 pot 100 board (5, 22, 34, 39) [152.0 min]
shard 0 sample 11/20 pot 100 board (22, 35, 44, 45) [177.9 min]
shard 0 sample 12/20 pot 12535 board (22, 35, 44, 45) [184.1 min]
shard 0 sample 13/20 pot 11699 board (22, 35, 44, 45) [190.3 min]
shard 0 sample 14/20 pot 1796 board (22, 35, 44, 45) [202.0 min]
shard 0 sample 15/20 pot 5728 board (22, 35, 44, 45) [209.6 min]
shard 0 sample 16/20 pot 809 board (22, 35, 44, 45) [221.4 min]
shard 0 sample 17/20 pot 12539 board (22, 35, 44, 45) [227.6 min]
shard 0 sample 18/20 pot 3289 board (22, 35, 44, 45) [235.3 min]
shard 0 sample 19/20 pot 17973 board (22, 35, 44, 45) [241.5 min]
shard 0 sample 20/20 pot 1776 board (22, 35, 44, 45) [253.2 min]
{"shard": 0, "seed": 1297610827, "samples": 20, "gen_minutes": 253.2}
