shard 6 sample 1/20 pot 1367 board (10, 20, 43, 47) [11.7 min]
shard 6 sample 2/20 pot 100 board (10, 20, 43, 47) [37.4 min]
shard 6 sample 3/20 pot 1694 board (10, 20, 43, 47) [49.1 min]
shard 6 sample 4/20 pot 9328 board (10, 20, 43, 47) [54.9 min]
shard 6 sample 5/20 pot 834 board (10, 20, 43, 47) [66.5 min]
shard 6 sample 6/20 pot 18891 board (10, 20, 43, 47) [72.4 min]
shard 6 sample 7/20 pot 9565 board (10, 20, 43, 47) [78.2 min]
shard 6 sample 8/20 pot 922 board (10, 20, 43, 47) [89.8 min]
shard 6 sample 9/20 pot 345 board (10, 20, 43, 47) [107.7 min]
shard 6 sample 10/20 pot 100 board (10, 20, 43, 47) [133.1 min]
shard 6 sample 11/20 pot 405 board (0, 29, 34, 48) [151.0 min]
shard 6 sample 12/20 pot 962 board (0, 29, 34, 48) [162.7 min]
shard 6 sample 13/20 pot 100 board (0, 29, 34, 48) [188.9 min]
shard 6 sample 14/20 pot 2490 board (0, 29, 34, 48) [196.5 min]
shard 6 sample 15/20 pot 5703 board (0, 29, 34, 48) [204.1 min]
shard 6 sample 16/20 pot 273 board (0, 29, 34, 48) [222.0 min]
shard 6 RESUMED from checkpoint at row 16/20 (draws 46624)
shard 6 sample 17/20 pot 1782 board (0, 29, 34, 48) [233.8 min]
shard 6 sample 18/20 pot 311 board (0, 29, 34, 48) [251.8 min]
shard 6 sample 19/20 pot 10944 board (0, 29, 34, 48) [257.8 min]
