shard 1 sample 1/20 pot 293 board (15, 28, 41, 49) [18.4 min]
shard 1 sample 1/20 pot 293 board (15, 28, 41, 49) [18.1 min]
shard 1 sample 2/20 pot 100 board (15, 28, 41, 49) [43.8 min]
shard 1 sample 3/20 pot 2538 board (15, 28, 41, 49) [51.5 min]
shard 1 sample 4/20 pot 13137 board (15, 28, 41, 49) [57.7 min]
shard 1 sample 5/20 pot 366 board (15, 28, 41, 49) [75.8 min]
shard 1 sample 6/20 pot 228 board (15, 28, 41, 49) [101.6 min]
shard 1 sample 7/20 pot 5509 board (15, 28, 41, 49) [109.2 min]
shard 1 sample 8/20 pot 1102 board (15, 28, 41, 49) [121.0 min]
shard 1 sample 9/20 pot 18920 board (15, 28, 41, 49) [127.2 min]
shard 1 sample 10/20 pot 337 board (15, 28, 41, 49) [145.2 min]
shard 1 sample 11/20 pot 100 board (11, 32, 38, 49) [171.1 min]
shard 1 sample 12/20 pot 286 board (11, 32, 38, 49) [189.0 min]
shard 1 sample 13/20 pot 358 board (11, 32, 38, 49) [207.0 min]
shard 1 sample 14/20 pot 5982 board (11, 32, 38, 49) [214.6 min]
shard 1 sample 15/20 pot 332 board (11, 32, 38, 49) [232.6 min]
shard 1 sample 16/20 pot 248 board (11, 32, 38, 49) [250.7 min]
shard 1 sample 17/20 pot 4065 board (11, 32, 38, 49) [258.3 min]
shard 1 sample 18/20 pot 100 board (11, 32, 38, 49) [284.2 min]
shard 1 sample 19/20 pot 19753 board (11, 32, 38, 49) [290.4 min]
shard 1 sample 20/20 pot 1520 board (11, 32, 38, 49) [302.9 min]
{"shard": 1, "seed": 1997799306, "samples": 20, "gen_minutes": 302.9}
