shard 2 sample 1/20 pot 1672 board (1, 12, 13, 20) [12.1 min]
shard 2 sample 1/20 pot 1672 board (1, 12, 13, 20) [11.8 min]
shard 2 sample 2/20 pot 100 board (1, 12, 13, 20) [37.5 min]
shard 2 sample 3/20 pot 3488 board (1, 12, 13, 20) [45.0 min]
shard 2 sample 4/20 pot 5467 board (1, 12, 13, 20) [52.7 min]
shard 2 sample 5/20 pot 765 board (1, 12, 13, 20) [64.5 min]
shard 2 sample 6/20 pot 394 board (1, 12, 13, 20) [82.5 min]
shard 2 sample 7/20 pot 6941 board (1, 12, 13, 20) [88.6 min]
shard 2 sample 8/20 pot 244 board (1, 12, 13, 20) [114.4 min]
shard 2 sample 9/20 pot 246 board (1, 12, 13, 20) [140.0 min]
shard 2 sample 10/20 pot 739 board (1, 12, 13, 20) [158.1 min]
shard 2 sample 11/20 pot 221 board (7, 14, 29, 36) [184.0 min]
shard 2 sample 12/20 pot 7290 board (7, 14, 29, 36) [190.2 min]
shard 2 sample 13/20 pot 1677 board (7, 14, 29, 36) [201.8 min]
shard 2 sample 14/20 pot 12006 board (7, 14, 29, 36) [207.9 min]
shard 2 sample 15/20 pot 18170 board (7, 14, 29, 36) [214.1 min]
shard 2 sample 16/20 pot 12926 board (7, 14, 29, 36) [220.2 min]
shard 2 sample 17/20 pot 445 board (7, 14, 29, 36) [238.1 min]
shard 2 sample 18/20 pot 1455 board (7, 14, 29, 36) [249.9 min]
shard 2 sample 19/20 pot 271 board (7, 14, 29, 36) [268.0 min]
shard 2 sample 20/20 pot 16860 board (7, 14, 29, 36) [274.1 min]
{"shard": 2, "seed": 286486349, "samples": 20, "gen_minutes": 274.1}
