shard 3 sample 1/20 pot 100 board (4, 8, 18, 39) [39.3 min]
shard 3 sample 2/20 pot 12471 board (4, 8, 18, 39) [47.6 min]
shard 3 RESUMED from checkpoint at row 2/20 (draws 23300)
shard 3 sample 3/20 pot 1778 board (4, 8, 18, 39) [63.6 min]
shard 3 sample 4/20 pot 11588 board (4, 8, 18, 39) [72.3 min]
shard 3 sample 5/20 pot 1645 board (4, 8, 18, 39) [89.0 min]
shard 3 RESUMED from checkpoint at row 5/20 (draws 23306)
shard 3 sample 6/20 pot 100 board (4, 8, 18, 39) [114.8 min]
shard 3 sample 7/20 pot 1275 board (4, 8, 18, 39) [126.7 min]
shard 3 sample 8/20 pot 370 board (4, 8, 18, 39) [144.7 min]
shard 3 sample 9/20 pot 4492 board (4, 8, 18, 39) [152.3 min]
shard 3 sample 10/20 pot 3256 board (4, 8, 18, 39) [159.8 min]
shard 3 sample 11/20 pot 4034 board (16, 17, 31, 48) [167.4 min]
shard 3 sample 12/20 pot 100 board (16, 17, 31, 48) [192.9 min]
shard 3 sample 13/20 pot 1582 board (16, 17, 31, 48) [204.5 min]
shard 3 sample 14/20 pot 5750 board (16, 17, 31, 48) [212.0 min]
shard 3 sample 15/20 pot 5899 board (16, 17, 31, 48) [219.5 min]
shard 3 sample 16/20 pot 11649 board (16, 17, 31, 48) [225.4 min]
shard 3 sample 17/20 pot 6601 board (16, 17, 31, 48) [232.9 min]
shard 3 sample 18/20 pot 569 board (16, 17, 31, 48) [250.8 min]
shard 3 sample 19/20 pot 8100 board (16, 17, 31, 48) [256.6 min]
shard 3 sample 20/20 pot 5944 board (16, 17, 31, 48) [264.2 min]
{"shard": 3, "seed": 1650569360, "samples": 20, "gen_minutes": 264.2}
