shard 5 sample 1/20 pot 100 board (1, 5, 39, 40) [25.7 min]
shard 5 sample 2/20 pot 1325 board (1, 5, 39, 40) [37.4 min]
shard 5 sample 3/20 pot 14921 board (1, 5, 39, 40) [43.3 min]
shard 5 sample 4/20 pot 1042 board (1, 5, 39, 40) [55.0 min]
shard 5 sample 5/20 pot 2649 board (1, 5, 39, 40) [62.5 min]
shard 5 sample 6/20 pot 4484 board (1, 5, 39, 40) [70.0 min]
shard 5 sample 7/20 pot 17872 board (1, 5, 39, 40) [75.9 min]
shard 5 sample 8/20 pot 4759 board (1, 5, 39, 40) [83.5 min]
shard 5 sample 9/20 pot 100 board (1, 5, 39, 40) [109.2 min]
shard 5 sample 10/20 pot 212 board (1, 5, 39, 40) [134.7 min]
shard 5 sample 11/20 pot 100 board (4, 13, 23, 42) [160.4 min]
shard 5 sample 12/20 pot 2575 board (4, 13, 23, 42) [168.0 min]
shard 5 sample 13/20 pot 314 board (4, 13, 23, 42) [185.9 min]
shard 5 sample 14/20 pot 300 board (4, 13, 23, 42) [203.9 min]
shard 5 sample 15/20 pot 18331 board (4, 13, 23, 42) [209.7 min]
shard 5 RESUMED from checkpoint at row 15/20 (draws 46622)
shard 5 sample 16/20 pot 100 board (4, 13, 23, 42) [235.7 min]
shard 5 sample 17/20 pot 249 board (4, 13, 23, 42) [253.7 min]
shard 5 sample 18/20 pot 100 board (4, 13, 23, 42) [279.3 min]
shard 5 sample 19/20 pot 883 board (4, 13, 23, 42) [291.0 min]
shard 5 sample 20/20 pot 287 board (4, 13, 23, 42) [309.3 min]
{"shard": 5, "seed": 3779340238, "samples": 20, "gen_minutes": 309.3}
