Compressor is NORMAL_COMPRESSOR
Throttling simultaneous network copies to 1
Sending SIGUSR1 will trigger a save-and-quit
Sending SIGUSR2 will trigger a save-and-continue
1 itertime 0.000 total 0.000
 current 2.937383892,2.659722222 (1399.276528513 mSBet/h)
 average 2.933333333,2.659722222 (1398.263888889 mSBet/h)

2 itertime 0.000 total 0.000
 current 2.799263401,2.211111111 (1252.593628080 mSBet/h)

3 itertime 0.000 total 0.000
 current 2.446825397,1.207569148 (913.598636281 mSBet/h)

4 itertime 0.000 total 0.000
 current 1.420735872,0.978042436 (599.694577031 mSBet/h)

5 itertime 0.000 total 0.000
 current 0.813849578,1.107394815 (480.311098206 mSBet/h)

6 itertime 0.000 total 0.000
 current 0.705505879,0.568538082 (318.510990318 mSBet/h)
 average 0.765140454,0.645618230 (352.689671010 mSBet/h)

7 itertime 0.000 total 0.000
 current 0.278761231,0.520589203 (199.837608488 mSBet/h)

8 itertime 0.000 total 0.000
 current 0.211211177,0.417174819 (157.096498908 mSBet/h)

9 itertime 0.000 total 0.000
 current 0.251799556,0.369158097 (155.239413135 mSBet/h)

10 itertime 0.000 total 0.000
 current 0.220491372,0.329780479 (137.567962755 mSBet/h)

11 itertime 0.000 total 0.000
 current 0.271657747,0.409735695 (170.348360583 mSBet/h)
 average 0.237105700,0.349062089 (146.541947330 mSBet/h)

12 itertime 0.000 total 0.001
 current 0.260648008,0.377156309 (159.451079231 mSBet/h)

13 itertime 0.000 total 0.001
 current 0.452971458,0.366584320 (204.888944453 mSBet/h)

14 itertime 0.000 total 0.001
 current 0.121379799,0.388977611 (127.589352511 mSBet/h)

15 itertime 0.000 total 0.001
 current 0.295249517,0.377474900 (168.181104266 mSBet/h)

16 itertime 0.000 total 0.001
 current 0.286279833,0.321268289 (151.887030478 mSBet/h)
 average 0.054403614,0.251018906 (76.355629869 mSBet/h)

17 itertime 0.000 total 0.001
 current 0.216069759,0.365906950 (145.494177202 mSBet/h)

18 itertime 0.000 total 0.001
 current 0.209681404,0.346032905 (138.928577286 mSBet/h)

19 itertime 0.000 total 0.001
 current 0.157252763,0.231937648 (97.297602639 mSBet/h)

20 itertime 0.000 total 0.001
 current 0.072271783,0.210916786 (70.797142119 mSBet/h)

21 itertime 0.000 total 0.001
 current 0.194113648,0.216811364 (102.731253169 mSBet/h)
 average -0.005777282,0.192390296 (46.653253606 mSBet/h)

22 itertime 0.000 total 0.001
 current 0.119894200,0.224038429 (85.983157026 mSBet/h)

23 itertime 0.000 total 0.001
 current 0.130639329,0.256815267 (96.863649158 mSBet/h)

24 itertime 0.000 total 0.001
 current 0.071433304,0.267584342 (84.754411633 mSBet/h)

25 itertime 0.000 total 0.001
 current 0.054119100,0.245698302 (74.954350289 mSBet/h)

26 itertime 0.000 total 0.001
 current 0.096153061,0.244212411 (85.091368056 mSBet/h)
 average -0.024476744,0.163564456 (34.771928064 mSBet/h)

27 itertime 0.000 total 0.001
 current 0.034818708,0.243504267 (69.580743783 mSBet/h)

28 itertime 0.000 total 0.001
 current 0.118863762,0.235336119 (88.549970282 mSBet/h)

29 itertime 0.000 total 0.001
 current 0.012113603,0.234876936 (61.747634768 mSBet/h)

30 itertime 0.000 total 0.001
 current 0.033808811,0.234706754 (67.128891314 mSBet/h)

31 itertime 0.000 total 0.001
 current 0.118935847,0.208795276 (81.932780736 mSBet/h)
 average -0.039696110,0.145466794 (26.442670891 mSBet/h)

32 itertime 0.000 total 0.001
 current 0.011078441,0.227007899 (59.521584827 mSBet/h)

33 itertime 0.000 total 0.001
 current 0.052032277,0.191229706 (60.815495829 mSBet/h)

34 itertime 0.000 total 0.001
 current 0.021068125,0.206278985 (56.836777614 mSBet/h)

35 itertime 0.000 total 0.001
 current 0.089597485,0.195220126 (71.204402792 mSBet/h)

36 itertime 0.000 total 0.001
 current 0.069457505,0.198415237 (66.968185548 mSBet/h)
 average -0.041937872,0.130026523 (22.022162780 mSBet/h)

37 itertime 0.000 total 0.001
 current 0.008507884,0.199063206 (51.892772602 mSBet/h)

38 itertime 0.000 total 0.002
 current 0.037791420,0.186055944 (55.961841090 mSBet/h)

39 itertime 0.000 total 0.002
 current 0.064069571,0.199744932 (65.953625601 mSBet/h)

40 itertime 0.000 total 0.002
 current 0.012550326,0.264246073 (69.199099679 mSBet/h)

41 itertime 0.000 total 0.002
 current 0.039273445,0.237338361 (69.152951459 mSBet/h)
 average -0.048546916,0.119694016 (17.786775109 mSBet/h)

42 itertime 0.000 total 0.002
 current 0.043452671,0.249958245 (73.352728987 mSBet/h)

43 itertime 0.000 total 0.002
 current 0.021512193,0.246723993 (67.059046478 mSBet/h)

44 itertime 0.000 total 0.002
 current 0.010227824,0.214797978 (56.256450679 mSBet/h)

45 itertime 0.000 total 0.002
 current 0.019631588,0.209688331 (57.329979692 mSBet/h)

46 itertime 0.000 total 0.002
 current 0.019782733,0.193687924 (53.367664192 mSBet/h)
 average -0.055390288,0.115731903 (15.085403698 mSBet/h)

47 itertime 0.000 total 0.002
 current 0.093349694,0.173767326 (66.779255071 mSBet/h)

48 itertime 0.000 total 0.002
 current 0.016934502,0.175285163 (48.054916255 mSBet/h)

49 itertime 0.000 total 0.002
 current 0.000248422,0.142371530 (35.654987820 mSBet/h)

50 itertime 0.000 total 0.002
 current 0.010350996,0.132700345 (35.762835404 mSBet/h)

51 itertime 0.000 total 0.002
 current 0.034870515,0.155320776 (47.547822863 mSBet/h)
 average -0.064828799,0.111335200 (11.626600121 mSBet/h)

52 itertime 0.000 total 0.002
 current 0.021126137,0.134259989 (38.846531408 mSBet/h)

53 itertime 0.000 total 0.002
 current 0.003154349,0.141551890 (36.176559892 mSBet/h)

54 itertime 0.000 total 0.002
 current 0.039229402,0.176621109 (53.962627891 mSBet/h)

55 itertime 0.000 total 0.002
 current 0.003855903,0.166417264 (42.568291954 mSBet/h)

56 itertime 0.000 total 0.002
 current 0.008611709,0.150991732 (39.900860224 mSBet/h)
 average -0.064320619,0.108443504 (11.030721295 mSBet/h)

57 itertime 0.000 total 0.002
 current 0.015944233,0.140323678 (39.066977818 mSBet/h)

58 itertime 0.000 total 0.002
 current -0.006238008,0.175007507 (42.192374916 mSBet/h)

59 itertime 0.000 total 0.002
 current 0.008158806,0.166833562 (43.748091958 mSBet/h)

60 itertime 0.000 total 0.002
 current 0.023630869,0.164606821 (47.059422633 mSBet/h)

61 itertime 0.000 total 0.002
 current 0.003180137,0.149687224 (38.216840096 mSBet/h)
 average -0.067419583,0.103933234 (9.128412563 mSBet/h)

62 itertime 0.000 total 0.002
 current 0.060520370,0.143890888 (51.102814568 mSBet/h)

63 itertime 0.000 total 0.003
 current 0.051103529,0.162953061 (53.514147337 mSBet/h)

64 itertime 0.000 total 0.003
 current -0.017315250,0.164179329 (36.716019880 mSBet/h)

65 itertime 0.000 total 0.003
 current 0.096177375,0.162086996 (64.566092815 mSBet/h)

66 itertime 0.000 total 0.003
 current 0.060574637,0.234250634 (73.706317787 mSBet/h)
 average -0.065891712,0.102374337 (9.120656347 mSBet/h)

67 itertime 0.000 total 0.003
 current -0.018948103,0.197177330 (44.557306720 mSBet/h)

68 itertime 0.000 total 0.003
 current 0.108446389,0.297144267 (101.397663972 mSBet/h)

69 itertime 0.000 total 0.003
 current 0.002141595,0.262906153 (66.261936971 mSBet/h)

70 itertime 0.000 total 0.003
 current -0.002993105,0.233683746 (57.672660083 mSBet/h)

71 itertime 0.000 total 0.003
 current 0.056345825,0.227823480 (71.042326415 mSBet/h)
 average -0.067681145,0.102493195 (8.703012502 mSBet/h)

72 itertime 0.000 total 0.003
 current 0.052970719,0.228761575 (70.433073391 mSBet/h)

73 itertime 0.000 total 0.003
 current 0.002017466,0.184726280 (46.685936358 mSBet/h)

74 itertime 0.000 total 0.003
 current 0.017273148,0.183382760 (50.163976898 mSBet/h)

75 itertime 0.000 total 0.003
 current 0.040571046,0.154132888 (48.675983514 mSBet/h)

76 itertime 0.000 total 0.003
 current -0.014484538,0.212293866 (49.452332086 mSBet/h)
 average -0.072529219,0.100315931 (6.946678045 mSBet/h)

77 itertime 0.000 total 0.003
 current -0.028278898,0.157043150 (32.191063066 mSBet/h)

78 itertime 0.000 total 0.003
 current 0.005172812,0.183850827 (47.255909670 mSBet/h)

79 itertime 0.000 total 0.003
 current 0.044856619,0.181097677 (56.488574019 mSBet/h)

80 itertime 0.000 total 0.003
 current 0.041394111,0.182631578 (56.006422307 mSBet/h)

81 itertime 0.000 total 0.003
 current -0.008323527,0.187511463 (44.796983912 mSBet/h)
 average -0.072841304,0.099749517 (6.727053235 mSBet/h)

82 itertime 0.000 total 0.003
 current 0.031297391,0.172338872 (50.909065697 mSBet/h)

83 itertime 0.000 total 0.003
 current -0.005287192,0.181536919 (44.062431701 mSBet/h)

84 itertime 0.000 total 0.003
 current 0.045894117,0.184699059 (57.648294140 mSBet/h)

85 itertime 0.000 total 0.003
 current 0.003928080,0.169296818 (43.306224495 mSBet/h)

86 itertime 0.000 total 0.003
 current -0.010685188,0.159527498 (37.210577373 mSBet/h)
 average -0.075040988,0.098445120 (5.851032915 mSBet/h)

87 itertime 0.000 total 0.004
 current -0.026253183,0.167758026 (35.376210939 mSBet/h)

88 itertime 0.000 total 0.004
 current -0.011797410,0.177014610 (41.304300019 mSBet/h)

89 itertime 0.000 total 0.004
 current 0.017523297,0.167397820 (46.230279119 mSBet/h)

90 itertime 0.000 total 0.004
 current 0.075515618,0.190974804 (66.622605518 mSBet/h)

91 itertime 0.000 total 0.004
 current -0.029375884,0.167913288 (34.634351085 mSBet/h)
 average -0.075851177,0.098208582 (5.589351252 mSBet/h)

92 itertime 0.000 total 0.004
 current 0.038095317,0.150096061 (47.047844457 mSBet/h)

93 itertime 0.000 total 0.004
 current -0.008866120,0.150083207 (35.304271710 mSBet/h)

94 itertime 0.000 total 0.004
 current 0.000440753,0.156524687 (39.241360068 mSBet/h)

95 itertime 0.000 total 0.004
 current -0.027986701,0.149235275 (30.312143430 mSBet/h)

96 itertime 0.000 total 0.004
 current -0.011448560,0.156833095 (36.346133683 mSBet/h)
 average -0.076219810,0.098171340 (5.487882435 mSBet/h)

97 itertime 0.000 total 0.004
 current -0.029054290,0.154644970 (31.397669859 mSBet/h)

98 itertime 0.000 total 0.004
 current -0.008166001,0.163084873 (38.729718020 mSBet/h)

99 itertime 0.000 total 0.004
 current -0.033021158,0.185918658 (38.224375049 mSBet/h)

100 itertime 0.000 total 0.004
 current -0.031453506,0.143223543 (27.942509046 mSBet/h)
 average -0.077190450,0.098471010 (5.320140020 mSBet/h)

Dumping values to prefix [/home/user/quant-trade/certification/oracles/cfrplus_runs/leduc_i100]
Dump complete, took 0.000

